[2962][1585587045868][main][info]["Booting Postman 7.21.1, linux-5.4.0-18-generic on x64"]
[2962][1585587045874][main][info]["EventBus~initialize - Success"]
[2962][1585587045879][main][warn]["CloudProxyManager~init: Error while reading proxy configuration from user data - ",{"errno":-2,"code":"ENOENT","syscall":"open","path":"/home/devasc/snap/postman/103/.config/Postman/Postman_Config/proxy","name":"Error","message":"ENOENT: no such file or directory, open '/home/devasc/snap/postman/103/.config/Postman/Postman_Config/proxy'","stack":"Error: ENOENT: no such file or directory, open '/home/devasc/snap/postman/103/.config/Postman/Postman_Config/proxy'"}]
[2962][1585587045880][main][info]["CloudProxyManager~init - Success"]
[2962][1585587045893][main][info]["UpdateHandler~init - Success"]
[2962][1585587045894][main][info]["RuntimeExecutionService~initialized: Success"]
[2962][1585587046397][main][info]["LinuxAutoUpdater~Cleanup - Initial cleanup successful"]
[2962][1585587046840][main][info]["Bootstrap-models~bootstrap - Success"]
[2962][1585587047705][main][info]["window-manager~newSharedWindow: Shell loaded"]
[2962][1585587053515][main][info]["Main~AppEvents - Received booted event for process shared"]
[2962][1585587057489][main][info]["Main~AppEvents - Received booted event for process requester"]
[2962][1585587064271][main][info]["Quitting app"]
[2707][1779400076091][main][info]["Booting Postman 11.71.7, linux-5.4.0-216-generic on x64"]
[2707][1779400076095][main][info]["EventBus~initialize - Success"]
[2707][1779400076098][main][info]["Proxy configuration has not been setup"]
[2707][1779400076099][main][info]["CloudProxyManager~init - Success"]
[2707][1779400076229][main][info]["performShellDataMigration: Starting shell data migration"]
[2707][1779400076230][main][info]["migrateShellData:Starting"]
[2707][1779400076236][main][info]["migrateShellData: Old storage cleaned up"]
[2707][1779400078598][main][info]["migrateShellData: Got data from shell. Writing to storage"]
[2707][1779400078618][main][info]["performShellDataMigration: Migration successful on try count 1"]
[2707][1779400078631][main][info]["UpdateHandler~init - Success"]
[2707][1779400078639][main][info]["LeaderSelection: Initialized successfully"]
[2707][1779400078665][main][info]["GPU detected VID 0 DID 0 ACTIVE false"]
[2707][1779400078669][main][info]["main.js: Agent started"]
[2707][1779400078670][main][info]["shellController~init: Success"]
[2707][1779400078670][main][info]["shellMeta~init: Success"]
[2707][1779400078671][main][info]["partitionMigrationService: State of V7 partition:"]
[2707][1779400078671][main][info]["partitionMigrationService: V7 partitions",[]]
[2707][1779400078672][main][info]["partitionMigrationService~rectifyNamespaceOfScratchPadPartition: There is no partition with scratchpad namespace"]
[2707][1779400078672][main][info]["partitionMigrationService~rectifyNamespaceOfScratchPadPartition: There is no transit partition which could have been used for scratchpad"]
[2707][1779400078672][main][info]["partitionMigrationService~init: Success"]
[2707][1779400078673][main][info]["partitionMigrationService~runV8PartitionsIntegrity: Two way migration~ removing the following partitions from v8",[]]
[2707][1779400078673][main][info]["userPartitionService~_rectifyTheActivePartitionOfApplication: Setting the active partition to ",null]
[2707][1779400078696][main][info]["LinuxAutoUpdater~Cleanup - Initial cleanup successful"]
[2707][1779400078704][main][info]["newAccountRegionPreferenceService~getPreferenceWithFallback - Preference not found in storage."]
[2707][1779400078705][main][info]["newAccountRegionPreferenceService~getToggleMenuTemplate - Using preference:","useUSRegion"]
[2707][1779400078719][main][info]["partitionMigrationService~migrateSignedOutPartitionAsScratchpad: Migrating v7 logged out state partition as scratchpad on v8 partition system",{"partitionId":"default"}]
[2707][1779400078756][main][info]["userPartitionService~init: Success"]
[2707][1779400078772][main][info]["userPartitionService: State of v8 partition system:"]
[2707][1779400078773][main][info]["shell~init~getPartitionToLoad: loading scratchpad partition"]
[2707][1779400078773][main][info]["userPartitionService: List of partitions:",[{"partitionId":"default","namespace":"scratchPad","userId":0,"teamId":0}]]
[2707][1779400078785][main][info]["userPartitionService: users global meta:",{}]
[2707][1779400078786][main][info]["Main:windowManager~newRequesterWindow: Fetch and update runtime config: undefined"]
[2707][1779400083698][main][info]["RuntimeIPCAgent~started: Success"]
[2707][1779400083748][main][info]["Main~scratchpadThemeAction:: action: set, value: light"]
[2707][1779400083770][main][info]["INTERCEPTOR CONNECTIVITY: Connecting to Interceptor Bridge"]
[2707][1779400083779][main][info]["windowManager: First requester booted successfully."]
[2707][1779400083780][main][info]["windowManager~restoreWindows: Restoring requester windows"]
[2707][1779400083780][main][info]["WebVersionService: Initialized successfully with version: undefined"]
[2707][1779400083781][main][info]["Main~AppEvents - Received booted event for process requester.Version undefined UI Version: undefined Desktop Platform Version: 11.71.7"]
[2707][1779400085929][main][info]["WindowManager~closeHandler - Closed Window (id: 2 )"]
[2707][1779400085955][main][info]["Quitting app"]
